data {
    var1 = "something"
    var2 = "another"
}

